# commit ff69c37 (ff69c37737e1645df8be9f1326d66cfe883dae34); 2026-10-07T13:53:19Z; forge Version: 1.5.1-stable
# forge test --offline  --match-contract '^BlockScopeBoundary' --ffi
No files changed, compilation skipped

Ran 1 test for test/hooks/BlockScopeBoundary.t.sol:BlockScopeBoundaryBaseFeeTest
[PASS] test_NewBlockRelocksKappaAtNewBaseFee() (gas: 966764)
Suite result: ok. 1 passed; 0 failed; 0 skipped; finished in 30.96ms (2.14ms CPU time)

Ran 11 tests for test/hooks/BlockScopeBoundary.t.sol:BlockScopeBoundaryTest
[PASS] test_EpsilonLockedWhenTheScopeOpens() (gas: 916951)
[PASS] test_InvalidOracleChargesNothingAndRetriesWhenValidAgain() (gas: 2856625)
[PASS] test_MidBlockOracleUpdateDoesNotMoveLockedReference() (gas: 1166961)
[PASS] test_NewBlockResetsAccumulatorAndRelocksReferenceAndKappa() (gas: 974978)
[PASS] test_OracleInvalidForTheWholeBlockChargesNothing() (gas: 4015201)
[SKIP] test_OverflowClosedSurplusSaturates() (gas: 0)
[PASS] test_OverflowCumulativeDeltaSaturatesForRestOfBlock() (gas: 2931161)
[PASS] test_OverflowGrossVolumeSaturates() (gas: 2849050)
[PASS] test_OverflowNegativeCumulativeDeltaSaturates() (gas: 2927427)
[PASS] test_OverflowSettlementAmountSaturates() (gas: 2537600)
[PASS] test_OverflowTargetAboveUint128Saturates() (gas: 2537072)
Suite result: ok. 10 passed; 0 failed; 1 skipped; finished in 177.83ms (444.12ms CPU time)

Ran 2 test suites in 193.11ms (208.79ms CPU time): 11 tests passed, 0 failed, 1 skipped (12 total tests)
