# commit ff69c37 (ff69c37737e1645df8be9f1326d66cfe883dae34); 2026-10-07T13:47:16Z; forge Version: 1.5.1-stable
# forge test --offline --isolate --match-contract '^BlockScopeBoundaryTest$' --ffi
Compiling 1 files with Solc 0.8.26
Solc 0.8.26 finished in 43.39s
Compiler run successful with warnings:
Warning (2018): Function state mutability can be restricted to pure
   --> test/hooks/BlockScopedHookTestBase.sol:336:5:
    |
336 |     function _F(ParticipationAwareHook hook, ParticipationAwareHook.Scope memory s, uint256 a) internal view returns (uint256 t) {
    |     ^ (Relevant source part starts here and spans across multiple lines).


Ran 11 tests for test/hooks/BlockScopeBoundary.t.sol:BlockScopeBoundaryTest
[PASS] test_EpsilonLockedWhenTheScopeOpens() (gas: 1341046)
[PASS] test_InvalidOracleChargesNothingAndRetriesWhenValidAgain() (gas: 5597681)
[PASS] test_MidBlockOracleUpdateDoesNotMoveLockedReference() (gas: 1976880)
[PASS] test_NewBlockResetsAccumulatorAndRelocksReferenceAndKappa() (gas: 1521268)
[PASS] test_OracleInvalidForTheWholeBlockChargesNothing() (gas: 6900757)
[PASS] test_OverflowClosedSurplusSaturates() (gas: 3309489)
[PASS] test_OverflowCumulativeDeltaSaturatesForRestOfBlock() (gas: 3937374)
[PASS] test_OverflowGrossVolumeSaturates() (gas: 3432338)
[PASS] test_OverflowNegativeCumulativeDeltaSaturates() (gas: 3942336)
[PASS] test_OverflowSettlementAmountSaturates() (gas: 3153180)
[PASS] test_OverflowTargetAboveUint128Saturates() (gas: 3165752)
Suite result: ok. 11 passed; 0 failed; 0 skipped; finished in 160.26ms (457.71ms CPU time)

Ran 1 test suite in 172.37ms (160.26ms CPU time): 11 tests passed, 0 failed, 0 skipped (11 total tests)
