# commit ff69c37 (ff69c37737e1645df8be9f1326d66cfe883dae34); 2026-10-07T13:52:43Z; forge Version: 1.5.1-stable
# forge test --offline --isolate --match-contract '^BlockScopedHookGasTest$' -vv
Compiling 1 files with Solc 0.8.26
Solc 0.8.26 finished in 25.57s
Compiler run successful with warnings:
Warning (2018): Function state mutability can be restricted to pure
   --> test/hooks/BlockScopedHookTestBase.sol:336:5:
    |
336 |     function _F(ParticipationAwareHook hook, ParticipationAwareHook.Scope memory s, uint256 a) internal view returns (uint256 t) {
    |     ^ (Relevant source part starts here and spans across multiple lines).


Ran 33 tests for test/hooks/BlockScopedHookGas.t.sol:BlockScopedHookGasTest
[PASS] test_block_scoped_charged() (gas: 595997)
Logs:
  BSGAS,block_scoped,charged,157013

[PASS] test_block_scoped_charged_after_other_tx() (gas: 770259)
Logs:
  BSGAS,block_scoped,charged_after_other_tx,142497

[PASS] test_block_scoped_charged_first_ever() (gas: 357771)
Logs:
  BSGAS,block_scoped,charged_first_ever,274224

[PASS] test_block_scoped_charged_second_tx() (gas: 546919)
Logs:
  BSGAS,block_scoped,charged_second_tx,142484

[PASS] test_block_scoped_charged_vault_empty() (gas: 614759)
Logs:
  BSGAS,block_scoped,charged_vault_empty,174113

[PASS] test_block_scoped_first_ever() (gas: 320359)
Logs:
  BSGAS,block_scoped,first_ever,243501

[PASS] test_block_scoped_invalid() (gas: 513765)
Logs:
  BSGAS,block_scoped,invalid,120207

[PASS] test_block_scoped_invalid_second_in_tx() (gas: 591049)
Logs:
  BSGAS,block_scoped,invalid_first_in_multi_tx,120329
  BSGAS,block_scoped,invalid_second_in_tx,62494

[PASS] test_block_scoped_new_block() (gas: 522159)
Logs:
  BSGAS,block_scoped,new_block,143377

[PASS] test_block_scoped_second_in_tx() (gas: 601023)
Logs:
  BSGAS,block_scoped,first_in_multi_tx,143499
  BSGAS,block_scoped,second_in_tx,64615

[PASS] test_block_scoped_second_tx() (gas: 471678)
Logs:
  BSGAS,block_scoped,second_tx,125949

[PASS] test_no_hook_charged() (gas: 355000)
Logs:
  BSGAS,no_hook,charged,100036

[PASS] test_no_hook_charged_after_other_tx() (gas: 484474)
Logs:
  BSGAS,no_hook,charged_after_other_tx,100036

[PASS] test_no_hook_charged_first_ever() (gas: 207894)
Logs:
  BSGAS,no_hook,charged_first_ever,131760

[PASS] test_no_hook_charged_second_tx() (gas: 351740)
Logs:
  BSGAS,no_hook,charged_second_tx,100036

[PASS] test_no_hook_charged_vault_empty() (gas: 355483)
Logs:
  BSGAS,no_hook,charged_vault_empty,100036

[PASS] test_no_hook_first_ever() (gas: 208523)
Logs:
  BSGAS,no_hook,first_ever,131760

[PASS] test_no_hook_invalid() (gas: 334567)
Logs:
  BSGAS,no_hook,invalid,100036

[PASS] test_no_hook_invalid_second_in_tx() (gas: 403954)
Logs:
  BSGAS,no_hook,invalid_first_in_multi_tx,100158
  BSGAS,no_hook,invalid_second_in_tx,55323

[PASS] test_no_hook_new_block() (gas: 335295)
Logs:
  BSGAS,no_hook,new_block,100036

[PASS] test_no_hook_second_in_tx() (gas: 405494)
Logs:
  BSGAS,no_hook,first_in_multi_tx,100158
  BSGAS,no_hook,second_in_tx,55323

[PASS] test_no_hook_second_tx() (gas: 333293)
Logs:
  BSGAS,no_hook,second_tx,100036

[PASS] test_tx_scoped_charged() (gas: 504064)
Logs:
  BSGAS,tx_scoped,charged,144743

[PASS] test_tx_scoped_charged_after_other_tx() (gas: 679207)
Logs:
  BSGAS,tx_scoped,charged_after_other_tx,144743

[PASS] test_tx_scoped_charged_first_ever() (gas: 277268)
Logs:
  BSGAS,tx_scoped,charged_first_ever,193567

[PASS] test_tx_scoped_charged_second_tx() (gas: 467902)
Logs:
  BSGAS,tx_scoped,charged_second_tx,144743

[PASS] test_tx_scoped_charged_vault_empty() (gas: 521506)
Logs:
  BSGAS,tx_scoped,charged_vault_empty,161843

[PASS] test_tx_scoped_first_ever() (gas: 239074)
Logs:
  BSGAS,tx_scoped,first_ever,161974

[PASS] test_tx_scoped_invalid() (gas: 435827)
Logs:
  BSGAS,tx_scoped,invalid,123285

[PASS] test_tx_scoped_invalid_second_in_tx() (gas: 511455)
Logs:
  BSGAS,tx_scoped,invalid_first_in_multi_tx,123407
  BSGAS,tx_scoped,invalid_second_in_tx,61101

[PASS] test_tx_scoped_new_block() (gas: 427994)
Logs:
  BSGAS,tx_scoped,new_block,130250

[PASS] test_tx_scoped_second_in_tx() (gas: 511261)
Logs:
  BSGAS,tx_scoped,first_in_multi_tx,130372
  BSGAS,tx_scoped,second_in_tx,69146

[PASS] test_tx_scoped_second_tx() (gas: 394971)
Logs:
  BSGAS,tx_scoped,second_tx,130250

Suite result: ok. 33 passed; 0 failed; 0 skipped; finished in 36.66ms (21.36ms CPU time)

Ran 1 test suite in 69.16ms (36.66ms CPU time): 33 tests passed, 0 failed, 0 skipped (33 total tests)
