# commit ff69c37 (ff69c37737e1645df8be9f1326d66cfe883dae34); 2026-10-07T13:57:17Z; forge Version: 1.5.1-stable
# forge test --offline  --match-contract '^(TxScopedParticipationAwareHookTest|HookGasIsolatedTest|HookGasSettledTest)$' 
No files changed, compilation skipped

Ran 3 tests for test/hooks/HookGasSettled.t.sol:HookGasSettledTest
[PASS] test_charged_hook() (gas: 214639)
[PASS] test_no_hook() (gas: 147532)
[PASS] test_uncharged_hook() (gas: 185318)
Suite result: ok. 3 passed; 0 failed; 0 skipped; finished in 11.75ms (678.00µs CPU time)

Ran 10 tests for test/hooks/HookGasIsolated.t.sol:HookGasIsolatedTest
[PASS] test_n01_base() (gas: 150134)
[PASS] test_n01_hook() (gas: 180376)
[PASS] test_n02_base() (gas: 209212)
[PASS] test_n02_hook() (gas: 253241)
[PASS] test_n04_base() (gas: 327421)
[PASS] test_n04_hook() (gas: 398826)
[PASS] test_n08_base() (gas: 564178)
[PASS] test_n08_hook() (gas: 690467)
[PASS] test_n16_base() (gas: 1036895)
[PASS] test_n16_hook() (gas: 1274382)
Suite result: ok. 10 passed; 0 failed; 0 skipped; finished in 13.62ms (17.43ms CPU time)

Ran 9 tests for test/hooks/TxScopedParticipationAwareHook.t.sol:TxScopedParticipationAwareHookTest
[PASS] testFuzz_BoundaryLimits_ExtremeMarginAndDeltaParameters(uint256,uint256,uint256,uint256,uint256) (runs: 256, μ: 31035468, ~: 13613579)
[PASS] testFuzz_ConstructorRejectsInvalidLambdaGamma(uint256,uint256) (runs: 256, μ: 23232466, ~: 9782855)
[PASS] testFuzz_CrossPoolIsolationThroughRealSwaps(uint256,uint256) (runs: 256, μ: 340785, ~: 340926)
[PASS] testFuzz_InvalidOracleStates_FailOpenNeverBlocksOrOvercharges(uint8,bool,uint256) (runs: 256, μ: 190909, ~: 183882)
[PASS] testFuzz_Settlement_FragmentsNeverOvercollect(uint8) (runs: 256, μ: 674231, ~: 547882)
[PASS] testFuzz_TickCrossing_ChargeMonotoneInSwapSize(uint8,uint256) (runs: 256, μ: 413456, ~: 414515)
[PASS] test_DirectionMapping_MatchesZeroForOneFlag() (gas: 333631)
[PASS] test_Settlement_ExactInput_ChargesOutputTokenToVault() (gas: 233834)
[PASS] test_Settlement_ExactOutput_ChargesInputTokenToVault() (gas: 232678)
Suite result: ok. 9 passed; 0 failed; 0 skipped; finished in 5.23s (10.71s CPU time)

Ran 3 test suites in 5.24s (5.26s CPU time): 22 tests passed, 0 failed, 0 skipped (22 total tests)
